// Jest Snapshot v1, https://goo.gl/fbAQLP

exports[`SettingsSwitchCell matches snapshot 1`] = `
<View
  style={
    Array [
      Object {
        "alignItems": "center",
        "flexDirection": "row",
      },
      Object {
        "padding": 10,
      },
    ]
  }
/>
`;

exports[`SettingsSwitchCell matches snapshot 2`] = `
<View
  style={
    Array [
      Object {
        "alignItems": "center",
        "flexDirection": "row",
      },
      Object {
        "padding": 10,
      },
    ]
  }
>
  <Text
    style={
      Array [
        Object {
          "flex": 1,
          "fontSize": 15,
          "marginHorizontal": 15,
          "paddingVertical": 5,
        },
        Object {
          "color": "#1A1924",
        },
      ]
    }
    testID="settings-switch-text"
  >
    Enable Warning Banner
  </Text>
  <RCTSwitch
    accessibilityRole="switch"
    onChange={[Function]}
    onResponderTerminationRequest={[Function]}
    onStartShouldSetResponder={[Function]}
    onTintColor="#1A1924"
    style={
      Array [
        Object {
          "height": 31,
          "width": 51,
        },
        Array [
          Object {
            "marginRight": 15,
          },
          Object {
            "marginLeft": 20,
          },
        ],
      ]
    }
    testID="settings-switch"
    tintColor="#E8E8E8"
    value={true}
  />
</View>
`;
